// Jest Snapshot v1, https://goo.gl/fbAQLP

exports[`it works 1`] = `"[34m‚ùØ[39m [39m[34mdocker-for-desktop-cluster[39m[39m"`;
